// Vitest Snapshot v1

exports[`CLI --help flag 1`] = `
"bin.js [projectDir]

Commands:
  bin.js print-workspaces [rootDir]  This command is used inside buildbot to ret
                                     rieve a space separated list of relative pa
                                     ckage paths
  bin.js [projectDir]                                                  [default]

Options:
  --help     Show help                                                 [boolean]
  --version  Show version number                                       [boolean]
  --rootDir  The root directory of the project if different from projectDir
                                                                        [string]"
`;
